// Jest Snapshot v1, https://goo.gl/fbAQLP

exports[`<GameCard/> should render correctly 1`] = `
.c10 {
  display: -webkit-inline-box;
  display: -webkit-inline-flex;
  display: -ms-inline-flexbox;
  display: inline-flex;
  -webkit-align-items: center;
  -webkit-box-align: center;
  -ms-flex-align: center;
  align-items: center;
  -webkit-box-pack: center;
  -webkit-justify-content: center;
  -ms-flex-pack: center;
  justify-content: center;
  background: linear-gradient(180deg,#ff5f5f 0%,#f062c0 50%);
  color: #FAFAFA;
  border: none;
  border-radius: 0.4rem;
  padding: 0.8rem;
  font-family: Poppins,-apple-system,BlinkMacSystemFont,'Segoe UI',Roboto,Oxygen,Ubuntu,Cantarell,'Open Sans','Helvetica Neue',sans-serif;
  cursor: pointer;
  -webkit-text-decoration: none;
  text-decoration: none;
  height: 3rem;
  font-size: 1.2rem;
}

.c10:hover {
  background: linear-gradient(180deg,#e35565 0%,#d958a6 50%);
}

.c10 svg {
  width: 1.5rem;
}

.c10 svg + span {
  margin-left: 0.8rem;
}

.c7 {
  display: inline-block;
  vertical-align: middle;
  overflow: hidden;
}

.c0 {
  position: relative;
  display: -webkit-box;
  display: -webkit-flex;
  display: -ms-flexbox;
  display: flex;
  -webkit-flex-direction: column;
  -ms-flex-direction: column;
  flex-direction: column;
  width: 100%;
  height: 100%;
  background-color: #FAFAFA;
}

.c1 {
  min-height: 14rem;
  position: relative;
  width: 100%;
  background: #f6f7f8;
  background-image: linear-gradient( to right,#f6f7f8 0%,#edeef1 20%,#f6f7f8 40%,#f6f7f8 100% );
  background-size: 80rem 14rem;
  -webkit-animation: placeholderShimmer 1s linear infinite forwards;
  animation: placeholderShimmer 1s linear infinite forwards;
}

.c1 img {
  width: 100%;
  height: 14rem;
  object-fit: cover;
}

.c2 {
  display: -webkit-box;
  display: -webkit-flex;
  display: -ms-flexbox;
  display: flex;
  -webkit-flex-direction: column;
  -ms-flex-direction: column;
  flex-direction: column;
  -webkit-box-pack: justify;
  -webkit-justify-content: space-between;
  -ms-flex-pack: justify;
  justify-content: space-between;
  position: relative;
  height: 100%;
  margin: 1.6rem;
}

.c3 {
  max-width: calc(100% - 2.5rem);
  -webkit-text-decoration: none;
  text-decoration: none;
}

.c4 {
  font-size: 1.6rem;
  line-height: 1.6rem;
  font-weight: 600;
  color: #030517;
}

.c5 {
  font-size: 1.4rem;
  font-weight: 600;
  color: #8F8F8F;
}

.c6 {
  color: #F231A5;
  position: absolute;
  right: -1rem;
  top: -0.5rem;
  cursor: pointer;
}

.c6 svg {
  width: 2.5rem;
}

.c8 {
  display: -webkit-box;
  display: -webkit-flex;
  display: -ms-flexbox;
  display: flex;
  -webkit-align-items: center;
  -webkit-box-align: center;
  -ms-flex-align: center;
  align-items: center;
  -webkit-box-pack: end;
  -webkit-justify-content: flex-end;
  -ms-flex-pack: end;
  justify-content: flex-end;
  margin-top: 0.8rem;
}

.c9 {
  display: -webkit-inline-box;
  display: -webkit-inline-flex;
  display: -ms-inline-flexbox;
  display: inline-flex;
  font-weight: 600;
  height: 3rem;
  -webkit-align-items: center;
  -webkit-box-align: center;
  -ms-flex-align: center;
  align-items: center;
  background-color: #3CD3C1;
  padding: 0 0.8rem;
  border-radius: 0.4rem;
  color: #FAFAFA;
  margin-right: calc(0.8rem / 2);
}

<article
  class="c0"
>
  <a
    class="c1"
    href="/game/read-dead-redemption"
  >
    <img
      alt="Read Dead Redemption"
      src="./img/red-dead-img.jpg"
    />
  </a>
  <div
    class="c2"
  >
    <a
      class="c3"
      href="/game/read-dead-redemption"
    >
      <h3
        class="c4"
      >
        Read Dead Redemption
      </h3>
      <h4
        class="c5"
      >
        Rockstar Games
      </h4>
    </a>
    <div
      class="c6"
      role="button"
    >
      <svg
        aria-hidden="true"
        aria-label="Add to Wishlist"
        class="c7"
        fill="currentColor"
        focusable="false"
        viewBox="0 0 24 24"
        xmlns="http://www.w3.org/2000/svg"
      >
        <path
          d="M16.5 3c-1.74 0-3.41.81-4.5 2.09C10.91 3.81 9.24 3 7.5 3 4.42 3 2 5.42 2 8.5c0 3.78 3.4 6.86 8.55 11.54L12 21.35l1.45-1.32C18.6 15.36 22 12.28 22 8.5 22 5.42 19.58 3 16.5 3zm-4.4 15.55-.1.1-.1-.1C7.14 14.24 4 11.39 4 8.5 4 6.5 5.5 5 7.5 5c1.54 0 3.04.99 3.57 2.36h1.87C13.46 5.99 14.96 5 16.5 5c2 0 3.5 1.5 3.5 3.5 0 2.89-3.14 5.74-7.9 10.05z"
        />
      </svg>
    </div>
    <div
      class="c8"
    >
      <div
        class="c9"
      >
        $215.00
      </div>
      <button
        class="c10"
      >
        <svg
          aria-hidden="true"
          class="c7"
          fill="currentColor"
          focusable="false"
          viewBox="0 0 24 24"
          xmlns="http://www.w3.org/2000/svg"
        >
          <path
            d="M11 9h2V6h3V4h-3V1h-2v3H8v2h3v3zm-4 9c-1.1 0-1.99.9-1.99 2S5.9 22 7 22s2-.9 2-2-.9-2-2-2zm10 0c-1.1 0-1.99.9-1.99 2s.89 2 1.99 2 2-.9 2-2-.9-2-2-2zm-9.83-3.25.03-.12.9-1.63h7.45c.75 0 1.41-.41 1.75-1.03l3.86-7.01L19.42 4h-.01l-1.1 2-2.76 5H8.53l-.13-.27L6.16 6l-.95-2-.94-2H1v2h2l3.6 7.59-1.35 2.45c-.16.28-.25.61-.25.96 0 1.1.9 2 2 2h12v-2H7.42c-.13 0-.25-.11-.25-.25z"
          />
        </svg>
      </button>
    </div>
  </div>
</article>
`;
