// Jest Snapshot v1, https://goo.gl/fbAQLP

exports[`<Highligth/> should render background image 1`] = `
.c4 {
  display: -webkit-inline-box;
  display: -webkit-inline-flex;
  display: -ms-inline-flexbox;
  display: inline-flex;
  -webkit-align-items: center;
  -webkit-box-align: center;
  -ms-flex-align: center;
  align-items: center;
  -webkit-box-pack: center;
  -webkit-justify-content: center;
  -ms-flex-pack: center;
  justify-content: center;
  background: linear-gradient(180deg,#ff5f5f 0%,#f062c0 50%);
  color: #FAFAFA;
  border: none;
  border-radius: 0.4rem;
  padding: 0.8rem;
  font-family: Poppins,-apple-system,BlinkMacSystemFont,'Segoe UI',Roboto,Oxygen,Ubuntu,Cantarell,'Open Sans','Helvetica Neue',sans-serif;
  cursor: pointer;
  -webkit-text-decoration: none;
  text-decoration: none;
  height: 4rem;
  font-size: 1.4rem;
  padding: 0.8rem 3.2rem;
}

.c4:hover {
  background: linear-gradient(180deg,#e35565 0%,#d958a6 50%);
}

.c0 {
  position: relative;
  height: 23rem;
  display: grid;
}

.c0::after {
  content: "";
  position: absolute;
  width: 100%;
  height: 100%;
  background-color: rgba(0,0,0,0.6);
}

.c1 {
  z-index: 10;
  text-align: right;
  padding: 1.6rem;
}

.c2 {
  font-size: 1.8rem;
  font-weight: 600;
  color: #FAFAFA;
}

.c3 {
  font-size: 1.8rem;
  font-weight: 300;
  color: #FAFAFA;
  margin-bottom: 3.2rem;
}

<section
  class="c0"
>
  <div
    class="c1"
  >
    <h2
      class="c2"
    >
      heading 1
    </h2>
    <h3
      class="c3"
    >
      heading 2
    </h3>
    <a
      class="c4"
      href="/rs"
    >
      <span>
        Buy now
      </span>
    </a>
  </div>
</section>
`;

exports[`<Highligth/> should render headings and button 1`] = `
<main
  class=""
>
  <h1>
    Highlight
  </h1>
</main>
`;
